[INFO] Scanning for projects...
[INFO] 
[INFO] ------------------------< dev.auctify:Auctify >-------------------------
[INFO] Building Auctify 1.0.0
[INFO]   from pom.xml
[INFO] --------------------------------[ jar ]---------------------------------
[INFO] 
[INFO] --- resources:3.3.1:resources (default-resources) @ Auctify ---
[INFO] Copying 6 resources from src\main\resources to target\classes
[INFO] 
[INFO] --- compiler:3.11.0:compile (default-compile) @ Auctify ---
[INFO] Changes detected - recompiling the module! :source
[INFO] Compiling 50 source files with javac [debug release 17] to target\classes
[INFO] Annotation processing is enabled because one or more processors were found
  on the class path. A future release of javac may disable annotation processing
  unless at least one processor is specified by name (-processor), or a search
  path is specified (--processor-path, --processor-module-path), or annotation
  processing is enabled explicitly (-proc:only, -proc:full).
  Use -Xlint:-options to suppress this message.
  Use -proc:none to disable annotation processing.
[INFO] /D:/Auctify/src/main/java/dev/auctify/hook/AuctifyPlaceholderExpansion.java: D:\Auctify\src\main\java\dev\auctify\hook\AuctifyPlaceholderExpansion.java uses or overrides a deprecated API.
[INFO] /D:/Auctify/src/main/java/dev/auctify/hook/AuctifyPlaceholderExpansion.java: Recompile with -Xlint:deprecation for details.
[INFO] -------------------------------------------------------------
[ERROR] COMPILATION ERROR : 
[INFO] -------------------------------------------------------------
[ERROR] /D:/Auctify/src/main/java/dev/auctify/storage/MySQLStorage.java:[21,8] dev.auctify.storage.MySQLStorage is not abstract and does not override abstract method getBlacklist() in dev.auctify.storage.StorageManager
[ERROR] /D:/Auctify/src/main/java/dev/auctify/auction/AuctionManager.java:[357,36] method open in class dev.auctify.gui.RateGUI cannot be applied to given types;
  required: org.bukkit.entity.Player,java.util.UUID,java.lang.String
  found:    org.bukkit.entity.Player,java.util.UUID
  reason: actual and formal argument lists differ in length
[ERROR] /D:/Auctify/src/main/java/dev/auctify/commands/subcommands/AdminSubCommand.java:[122,5] method does not override or implement a method from a supertype
[ERROR] /D:/Auctify/src/main/java/dev/auctify/commands/subcommands/AdminSubCommand.java:[127,5] method does not override or implement a method from a supertype
[ERROR] /D:/Auctify/src/main/java/dev/auctify/commands/subcommands/AdminSubCommand.java:[132,5] method does not override or implement a method from a supertype
[ERROR] /D:/Auctify/src/main/java/dev/auctify/listeners/GUIClickListener.java:[402,46] reference to runTask is ambiguous
  both method runTask(org.bukkit.plugin.Plugin,java.lang.Runnable) in org.bukkit.scheduler.BukkitScheduler and method runTask(org.bukkit.plugin.Plugin,java.util.function.Consumer<? super org.bukkit.scheduler.BukkitTask>) in org.bukkit.scheduler.BukkitScheduler match
[ERROR] /D:/Auctify/src/main/java/dev/auctify/commands/subcommands/ClaimSubCommand.java:[30,5] method does not override or implement a method from a supertype
[ERROR] /D:/Auctify/src/main/java/dev/auctify/commands/subcommands/ClaimSubCommand.java:[35,5] method does not override or implement a method from a supertype
[ERROR] /D:/Auctify/src/main/java/dev/auctify/commands/subcommands/ClaimSubCommand.java:[40,5] method does not override or implement a method from a supertype
[INFO] 9 errors 
[INFO] -------------------------------------------------------------
[INFO] ------------------------------------------------------------------------
[INFO] BUILD FAILURE
[INFO] ------------------------------------------------------------------------
[INFO] Total time:  1.907 s
[INFO] Finished at: 2026-04-24T05:56:05+07:00
[INFO] ------------------------------------------------------------------------
[ERROR] Failed to execute goal org.apache.maven.plugins:maven-compiler-plugin:3.11.0:compile (default-compile) on project Auctify: Compilation failure: Compilation failure: 
[ERROR] /D:/Auctify/src/main/java/dev/auctify/storage/MySQLStorage.java:[21,8] dev.auctify.storage.MySQLStorage is not abstract and does not override abstract method getBlacklist() in dev.auctify.storage.StorageManager
[ERROR] /D:/Auctify/src/main/java/dev/auctify/auction/AuctionManager.java:[357,36] method open in class dev.auctify.gui.RateGUI cannot be applied to given types;
[ERROR]   required: org.bukkit.entity.Player,java.util.UUID,java.lang.String
[ERROR]   found:    org.bukkit.entity.Player,java.util.UUID
[ERROR]   reason: actual and formal argument lists differ in length
[ERROR] /D:/Auctify/src/main/java/dev/auctify/commands/subcommands/AdminSubCommand.java:[122,5] method does not override or implement a method from a supertype
[ERROR] /D:/Auctify/src/main/java/dev/auctify/commands/subcommands/AdminSubCommand.java:[127,5] method does not override or implement a method from a supertype
[ERROR] /D:/Auctify/src/main/java/dev/auctify/commands/subcommands/AdminSubCommand.java:[132,5] method does not override or implement a method from a supertype
[ERROR] /D:/Auctify/src/main/java/dev/auctify/listeners/GUIClickListener.java:[402,46] reference to runTask is ambiguous
[ERROR]   both method runTask(org.bukkit.plugin.Plugin,java.lang.Runnable) in org.bukkit.scheduler.BukkitScheduler and method runTask(org.bukkit.plugin.Plugin,java.util.function.Consumer<? super org.bukkit.scheduler.BukkitTask>) in org.bukkit.scheduler.BukkitScheduler match
[ERROR] /D:/Auctify/src/main/java/dev/auctify/commands/subcommands/ClaimSubCommand.java:[30,5] method does not override or implement a method from a supertype
[ERROR] /D:/Auctify/src/main/java/dev/auctify/commands/subcommands/ClaimSubCommand.java:[35,5] method does not override or implement a method from a supertype
[ERROR] /D:/Auctify/src/main/java/dev/auctify/commands/subcommands/ClaimSubCommand.java:[40,5] method does not override or implement a method from a supertype
[ERROR] -> [Help 1]
[ERROR] 
[ERROR] To see the full stack trace of the errors, re-run Maven with the -e switch.
[ERROR] Re-run Maven using the -X switch to enable full debug logging.
[ERROR] 
[ERROR] For more information about the errors and possible solutions, please read the following articles:
[ERROR] [Help 1] http://cwiki.apache.org/confluence/display/MAVEN/MojoFailureException
